// Jest Snapshot v1, https://goo.gl/fbAQLP

exports[`SCs should rendenr 1`] = `
<div>
  <ul
    class="px-10 m-4"
  >
    <div
      class="p-4 bg-black-200 rounded-lg mb-8 "
    >
      <div
        class="flex justify-between mb-4 w-full"
      >
        <div
          class=" flex "
        >
          <i
            class="fa-solid fa-database m-4 text-xl"
          />
          <div>
            <h1
              class="text-2xl"
            >
              Smart Cache Graph
            </h1>
            <small>
              triplestore
            </small>
          </div>
        </div>
        <div
          class="flex mr-4"
        >
           
          <button
            class="MuiButtonBase-root teli-button teli-button--small teli-button__secondary true h-[34.5px] css-10d1a0h-MuiButtonBase-root"
            id="create-backup"
            tabindex="0"
            type="button"
          >
            Create
            <span
              class="MuiTouchRipple-root css-8je8zh-MuiTouchRipple-root"
            />
          </button>
        </div>
      </div>
      <div
        class="mx-12 flex items-center"
      >
        <p>
          No backups available
        </p>
      </div>
    </div>
  </ul>
</div>
`;
